// Jest Snapshot v1, https://goo.gl/fbAQLP

exports[`<Container /> matches the snapshot 1`] = `
<styled.div
  backgroundColor="#d3d3d3"
  fontFamily="Arial"
/>
`;
