// Jest Snapshot v1, https://goo.gl/fbAQLP

exports[`<Intro /> matches the snapshot 1`] = `
<Intro
  backgroundColor="#d3d3d3"
  fontFamily="Arial"
  title="Intro title"
/>
`;
